19:31:11 **** Incremental Build of configuration Debug for project STM32F401RE_Bootloader ****
make -j12 all 
arm-none-eabi-gcc "../Core/Src/main.c" -mcpu=cortex-m4 -std=gnu11 -g3 -DDEBUG -DUSE_HAL_DRIVER -DSTM32F401xE -c -I../Core/Inc -I../Drivers/STM32F4xx_HAL_Driver/Inc -I../Drivers/STM32F4xx_HAL_Driver/Inc/Legacy -I../Drivers/CMSIS/Device/ST/STM32F4xx/Include -I../Drivers/CMSIS/Include -O0 -ffunction-sections -fdata-sections -Wall -fstack-usage -fcyclomatic-complexity -MMD -MP -MF"Core/Src/main.d" -MT"Core/Src/main.o" --specs=nano.specs -mfpu=fpv4-sp-d16 -mfloat-abi=hard -mthumb -o "Core/Src/main.o"
arm-none-eabi-gcc -o "STM32F401RE_Bootloader.elf" @"objects.list"   -mcpu=cortex-m4 -T"C:\Users\hasan\Documents\CubeIDEWorkspace\STM32F401RE_Bootloader\STM32F401RETX_FLASH.ld" --specs=nosys.specs -Wl,-Map="STM32F401RE_Bootloader.map" -Wl,--gc-sections -static --specs=nano.specs -mfpu=fpv4-sp-d16 -mfloat-abi=hard -mthumb -Wl,--start-group -lc -lm -Wl,--end-group
Finished building target: STM32F401RE_Bootloader.elf
 
arm-none-eabi-size   STM32F401RE_Bootloader.elf 
arm-none-eabi-objdump -h -S  STM32F401RE_Bootloader.elf  > "STM32F401RE_Bootloader.list"
   text	   data	    bss	    dec	    hex	filename
  17324	    112	   2280	  19716	   4d04	STM32F401RE_Bootloader.elf
Finished building: default.size.stdout
 
Finished building: STM32F401RE_Bootloader.list
 
19:36:58 **** Incremental Build of configuration Debug for project STM32F401RE_Bootloader ****
make -j12 all 
arm-none-eabi-size   STM32F401RE_Bootloader.elf 
   text	   data	    bss	    dec	    hex	filename
  17324	    112	   2280	  19716	   4d04	STM32F401RE_Bootloader.elf
Finished building: default.size.stdout
 
